../Core/Src/main.c:89:5:main	8	static
../Core/Src/main.c:193:6:SystemClock_Config	80	static
../Core/Src/main.c:231:13:MX_TIM14_Init	8	static
../Core/Src/main.c:262:13:MX_GPIO_Init	48	static
../Core/Src/main.c:314:6:HAL_GPIO_EXTI_Callback	32	static,ignoring_inline_asm
../Core/Src/main.c:386:6:delay10us	16	static
../Core/Src/main.c:402:6:start	8	static
../Core/Src/main.c:414:6:end	8	static
../Core/Src/main.c:426:6:ack	8	static
../Core/Src/main.c:436:6:powerUp	40	static
../Core/Src/main.c:474:6:setFreq	56	static
../Core/Src/main.c:511:6:seek	24	static
../Core/Src/main.c:543:6:readStatus	32	static
../Core/Src/main.c:597:6:fm_tune_status	24	static
../Core/Src/main.c:636:6:Error_Handler	8	static,ignoring_inline_asm
